Using an absolute path to a transform against a target in a different directory
Given a package which has the structure:
Acme.Core.1.0.0.nupkg
└─config
  └─web.config
And the following files exist:
c:\
└─transforms
  ├─connstrings.mytransform.config
  └─security.mytransform.config
Then the transform c:\transforms\*.mytransform.config => temp\config\web.config will:
 - Apply the transform c:\transforms\security.mytransform.config to file config\web.config
 - Apply the transform c:\transforms\connstrings.mytransform.config to file config\web.config
