Using wildcards for both transform and target
Given a package which has the structure:
Acme.Core.1.0.0.nupkg
├─web.config
└─web.config
And the following files exist:
c:\
└─transforms
  ├─app.mytransform.config
  └─web.mytransform.config
Then the transform c:\transforms\*.mytransform.config => *.config will:
 - Apply the transform c:\transforms\web.mytransform.config to file web.config
 - Apply the transform c:\transforms\app.mytransform.config to file app.config
